// Jest Snapshot v1, https://goo.gl/fbAQLP

exports[`Button renders 1`] = `
<button
  onClick={[Function]}
>
  click me!
</button>
`;

exports[`Button renders 2`] = `
<button
  onClick={[Function]}
>
  click me!
</button>
`;
